******************************************************************************
                  TI ARM Linker PC v18.1.1                     
******************************************************************************
>> Linked Fri Apr  6 01:16:48 2018

OUTPUT FILE NAME:   <Example_1.out>
ENTRY POINT SYMBOL: "_c_int00_noargs"  address: 00000c15


MEMORY CONFIGURATION

         name            origin    length      used     unused   attr    fill
----------------------  --------  ---------  --------  --------  ----  --------
  FLASH                 00000000   00100000  00000f6c  000ff094  R  X
  SRAM                  20000000   00040000  00000205  0003fdfb  RW X


SEGMENT ALLOCATION MAP

run origin  load origin   length   init length attrs members
----------  ----------- ---------- ----------- ----- -------
00000000    00000000    00000f70   00000f70    r-x
  00000000    00000000    00000208   00000208    r-- .intvecs
  00000208    00000208    00000ac8   00000ac8    r-x .text
  00000cd0    00000cd0    00000284   00000284    r-- .const
  00000f58    00000f58    00000018   00000018    r-- .cinit
20000000    20000000    00000205   00000000    rw-
  20000000    20000000    00000200   00000000    rw- .stack
  20000200    20000200    00000005   00000000    rw- .data


SECTION ALLOCATION MAP

 output                                  attributes/
section   page    origin      length       input sections
--------  ----  ----------  ----------   ----------------
.intvecs   0    00000000    00000208     
                  00000000    00000208     tm4c1294ncpdt_startup_ccs.obj (.intvecs)

.text      0    00000208    00000ac8     
                  00000208    000004dc     uartstdio.obj (.text)
                  000006e4    00000200     driverlib.lib : sysctl.obj (.text:SysCtlClockFreqSet)
                  000008e4    00000128     main.obj (.text)
                  00000a0c    0000009c     rtsv7M4_T_le_v4SPD16_eabi.lib : memcpy_t2.asm.obj (.text)
                  00000aa8    00000068                                   : copy_decompress_lzss.c.obj (.text:decompress:lzss:__TI_decompress_lzss)
                  00000b10    00000048     driverlib.lib : sysctl.obj (.text:_SysCtlFrequencyGet)
                  00000b58    00000044     rtsv7M4_T_le_v4SPD16_eabi.lib : autoinit.c.obj (.text:__TI_auto_init_nobinit_nopinit:__TI_auto_init_nobinit_nopinit)
                  00000b9c    00000040                                   : u_divt2.asm.obj (.text)
                  00000bdc    00000038     driverlib.lib : sysctl.obj (.text:SysCtlPeripheralReady)
                  00000c14    00000038     rtsv7M4_T_le_v4SPD16_eabi.lib : boot_cortex_m.c.obj (.text:_c_int00_noargs:_c_int00_noargs)
                  00000c4c    00000034     driverlib.lib : sysctl.obj (.text:SysCtlPeripheralEnable)
                  00000c80    00000020                   : sysctl.obj (.text:_SysCtlMemTimingGet)
                  00000ca0    0000000e     rtsv7M4_T_le_v4SPD16_eabi.lib : copy_decompress_none.c.obj (.text:decompress:none:__TI_decompress_none)
                  00000cae    0000000c     tm4c1294ncpdt_startup_ccs.obj (.text)
                  00000cba    00000006     driverlib.lib : gpio.obj (.text:GPIOPinWrite)
                  00000cc0    00000006                   : sysctl.obj (.text:SysCtlDelay)
                  00000cc6    00000004     rtsv7M4_T_le_v4SPD16_eabi.lib : pre_init.c.obj (.text:_system_pre_init)
                  00000cca    00000004                                   : exit.c.obj (.text:abort:abort)
                  00000cce    00000002                                   : div0.asm.obj (.text)

.const     0    00000cd0    00000284     
                  00000cd0    000001b0     driverlib.lib : sysctl.obj (.const:g_pppui32XTALtoVCO)
                  00000e80    0000006c                   : sysctl.obj (.const:g_pui32Xtals)
                  00000eec    00000030                   : sysctl.obj (.const:g_sXTALtoMEMTIM)
                  00000f1c    00000012     uartstdio.obj (.const:.string)
                  00000f2e    00000002     --HOLE-- [fill = 0]
                  00000f30    0000000c     uartstdio.obj (.const:g_ui32UARTBase)
                  00000f3c    0000000c     uartstdio.obj (.const:g_ui32UARTPeriph)
                  00000f48    00000008     driverlib.lib : sysctl.obj (.const)
                  00000f50    00000004     uartstdio.obj (.const)

.cinit     0    00000f58    00000018     
                  00000f58    00000008     (__TI_handler_table)
                  00000f60    00000007     (.cinit..data.load) [load image, compression = lzss]
                  00000f67    00000001     --HOLE-- [fill = 0]
                  00000f68    00000008     (__TI_cinit_table)

.init_array 
*          0    00000000    00000000     UNINITIALIZED

.data      0    20000200    00000005     UNINITIALIZED
                  20000200    00000005     uartstdio.obj (.data)

.stack     0    20000000    00000200     UNINITIALIZED
                  20000000    00000004     rtsv7M4_T_le_v4SPD16_eabi.lib : boot_cortex_m.c.obj (.stack)
                  20000004    000001fc     --HOLE--

MODULE SUMMARY

       Module                          code   ro data   rw data
       ------                          ----   -------   -------
    .\
       uartstdio.obj                   1244   46        5      
       tm4c1294ncpdt_startup_ccs.obj   12     520       0      
       main.obj                        296    0         0      
    +--+-------------------------------+------+---------+---------+
       Total:                          1552   566       5      
                                                               
    C:/ti/TivaWare_C_Series-2.1.4.178/driverlib/ccs/Debug/driverlib.lib
       sysctl.obj                      730    596       0      
       gpio.obj                        6      0         0      
    +--+-------------------------------+------+---------+---------+
       Total:                          736    596       0      
                                                               
    C:\ti\ccsv8\tools\compiler\ti-cgt-arm_18.1.1.LTS\lib\rtsv7M4_T_le_v4SPD16_eabi.lib
       memcpy_t2.asm.obj               156    0         0      
       copy_decompress_lzss.c.obj      104    0         0      
       autoinit.c.obj                  68     0         0      
       u_divt2.asm.obj                 64     0         0      
       boot_cortex_m.c.obj             56     0         0      
       copy_decompress_none.c.obj      14     0         0      
       exit.c.obj                      4      0         0      
       pre_init.c.obj                  4      0         0      
       div0.asm.obj                    2      0         0      
    +--+-------------------------------+------+---------+---------+
       Total:                          472    0         0      
                                                               
       Stack:                          0      0         512    
       Linker Generated:               0      23        0      
    +--+-------------------------------+------+---------+---------+
       Grand Total:                    2760   1185      517    


LINKER GENERATED COPY TABLES

__TI_cinit_table @ 00000f68 records: 1, size/record: 8, table size: 8
	.data: load addr=00000f60, load size=00000007 bytes, run addr=20000200, run size=00000005 bytes, compression=lzss


LINKER GENERATED HANDLER TABLE

__TI_handler_table @ 00000f58 records: 2, size/record: 4, table size: 8
	index: 0, handler: __TI_decompress_lzss
	index: 1, handler: __TI_decompress_none


GLOBAL SYMBOLS: SORTED ALPHABETICALLY BY Name 

address   name                          
-------   ----                          
00000ccb  C$$EXIT                       
00000cbb  GPIOPinWrite                  
00000caf  ResetISR                      
000006e5  SysCtlClockFreqSet            
00000cc1  SysCtlDelay                   
00000c4d  SysCtlPeripheralEnable        
00000bdd  SysCtlPeripheralReady         
00000209  UARTStdioConfig               
000008e5  UART_Configure                
00000381  UARTgetc                      
000002bb  UARTgets                      
000006af  UARTprintf                    
000003b5  UARTvprintf                   
00000269  UARTwrite                     
20000200  __STACK_END                   
00000200  __STACK_SIZE                  
20000200  __STACK_TOP                   
00000f68  __TI_CINIT_Base               
00000f70  __TI_CINIT_Limit              
00000f58  __TI_Handler_Table_Base       
00000f60  __TI_Handler_Table_Limit      
00000b59  __TI_auto_init_nobinit_nopinit
00000aa9  __TI_decompress_lzss          
00000ca1  __TI_decompress_none          
ffffffff  __TI_pprof_out_hndl           
ffffffff  __TI_prof_data_size           
ffffffff  __TI_prof_data_start          
00000000  __TI_static_base__            
00000ccf  __aeabi_idiv0                 
00000ccf  __aeabi_ldiv0                 
00000a0d  __aeabi_memcpy                
00000a0d  __aeabi_memcpy4               
00000a0d  __aeabi_memcpy8               
00000b9d  __aeabi_uidiv                 
00000b9d  __aeabi_uidivmod              
ffffffff  __binit__                     
ffffffff  __c_args__                    
UNDEFED   __mpu_init                    
20000000  __stack                       
00000c15  _c_int00_noargs               
UNDEFED   _system_post_cinit            
00000cc7  _system_pre_init              
00000ccb  abort                         
ffffffff  binit                         
00000000  g_pfnVectors                  
00000939  main                          
00000a0d  memcpy                        


GLOBAL SYMBOLS: SORTED BY Symbol Address 

address   name                          
-------   ----                          
00000000  __TI_static_base__            
00000000  g_pfnVectors                  
00000200  __STACK_SIZE                  
00000209  UARTStdioConfig               
00000269  UARTwrite                     
000002bb  UARTgets                      
00000381  UARTgetc                      
000003b5  UARTvprintf                   
000006af  UARTprintf                    
000006e5  SysCtlClockFreqSet            
000008e5  UART_Configure                
00000939  main                          
00000a0d  __aeabi_memcpy                
00000a0d  __aeabi_memcpy4               
00000a0d  __aeabi_memcpy8               
00000a0d  memcpy                        
00000aa9  __TI_decompress_lzss          
00000b59  __TI_auto_init_nobinit_nopinit
00000b9d  __aeabi_uidiv                 
00000b9d  __aeabi_uidivmod              
00000bdd  SysCtlPeripheralReady         
00000c15  _c_int00_noargs               
00000c4d  SysCtlPeripheralEnable        
00000ca1  __TI_decompress_none          
00000caf  ResetISR                      
00000cbb  GPIOPinWrite                  
00000cc1  SysCtlDelay                   
00000cc7  _system_pre_init              
00000ccb  C$$EXIT                       
00000ccb  abort                         
00000ccf  __aeabi_idiv0                 
00000ccf  __aeabi_ldiv0                 
00000f58  __TI_Handler_Table_Base       
00000f60  __TI_Handler_Table_Limit      
00000f68  __TI_CINIT_Base               
00000f70  __TI_CINIT_Limit              
20000000  __stack                       
20000200  __STACK_END                   
20000200  __STACK_TOP                   
ffffffff  __TI_pprof_out_hndl           
ffffffff  __TI_prof_data_size           
ffffffff  __TI_prof_data_start          
ffffffff  __binit__                     
ffffffff  __c_args__                    
ffffffff  binit                         
UNDEFED   __mpu_init                    
UNDEFED   _system_post_cinit            

[47 symbols]
